// Jest Snapshot v1, https://goo.gl/fbAQLP

exports[`Personal Details Form Snapshot should match a snapshot 1`] = `
Object {
  "asFragment": [Function],
  "baseElement": <body>
    <div>
      <form
        data-testid="personal.details.form"
      >
        <div
          class="el-flex el-flex-column el-flex-wrap"
        >
          <div
            class="el-flex1"
          >
            <input
              data-testid="test.title"
              id="title"
              name="title"
              type="text"
            />
            <label
              for="title"
            >
              Title *
            </label>
          </div>
          <div
            class="el-mt6 el-flex1"
          >
            <input
              data-testid="test.forename"
              id="forename"
              name="forename"
              type="text"
            />
            <label
              for="forename"
            >
              Forename *
            </label>
          </div>
          <div
            class="el-mt6 el-flex1"
          >
            <input
              data-testid="test.surname"
              id="surname"
              name="surname"
              type="text"
            />
            <label
              for="surname"
            >
               
              Surname *
            </label>
          </div>
        </div>
        <div
          class="el-mt6 el-flex el-flex-column el-flex-wrap el-w6"
        >
          <div
            class="el-flex1"
          >
            <input
              data-testid="test.dateOfBirth"
              id="dateOfBirth"
              name="dateOfBirth"
              type="date"
            />
            <label
              for="dateOfBirth"
            >
              Date Of Birth *
            </label>
          </div>
          <div
            class="el-mt6 el-flex1"
          >
            <input
              data-testid="test.email"
              id="email"
              name="email"
              type="email"
            />
            <label
              for="email"
            >
              Email *
            </label>
          </div>
        </div>
        <div
          class="el-mt8"
        >
          <p
            class="mock-combined-css-class"
          >
            *At least one telephone number is required
          </p>
          <div
            class=" el-flex el-flex-column el-flex-wrap"
          >
            <div
              class="el-flex1"
            >
              <input
                data-testid="test.homePhone"
                id="homePhone"
                name="homePhone"
                type="text"
              />
              <label
                for="homePhone"
              >
                Home Phone
              </label>
            </div>
            <div
              class="el-mt6 el-flex1"
            >
              <input
                data-testid="test.mobilePhone"
                id="mobilePhone"
                name="mobilePhone"
                type="text"
              />
              <label
                for="mobilePhone"
              >
                Mobile Phone
              </label>
            </div>
            <div
              class="el-mt6 el-flex1"
            >
              <input
                data-testid="test.workPhone"
                id="workPhone"
                name="workPhone"
                type="text"
              />
              <label
                for="workPhone"
              >
                Work Phone
              </label>
            </div>
          </div>
        </div>
        <footer
          class="el-mt8"
        >
          <div
            class="mock-combined-css-class"
          >
            <p
              class="mock-combined-css-class"
            >
              RPS Ref: 
              MLK16000071
            </p>
            <button
              class="mock-combined-css-class"
              data-testid="save-form"
              type="submit"
            >
              Save
            </button>
          </div>
          <div
            class="el-mt6"
          >
            <p
              class="mock-combined-css-class"
            >
              * Indicates fields that are required in order to 'Complete' this section.
            </p>
          </div>
        </footer>
      </form>
    </div>
  </body>,
  "container": <div>
    <form
      data-testid="personal.details.form"
    >
      <div
        class="el-flex el-flex-column el-flex-wrap"
      >
        <div
          class="el-flex1"
        >
          <input
            data-testid="test.title"
            id="title"
            name="title"
            type="text"
          />
          <label
            for="title"
          >
            Title *
          </label>
        </div>
        <div
          class="el-mt6 el-flex1"
        >
          <input
            data-testid="test.forename"
            id="forename"
            name="forename"
            type="text"
          />
          <label
            for="forename"
          >
            Forename *
          </label>
        </div>
        <div
          class="el-mt6 el-flex1"
        >
          <input
            data-testid="test.surname"
            id="surname"
            name="surname"
            type="text"
          />
          <label
            for="surname"
          >
             
            Surname *
          </label>
        </div>
      </div>
      <div
        class="el-mt6 el-flex el-flex-column el-flex-wrap el-w6"
      >
        <div
          class="el-flex1"
        >
          <input
            data-testid="test.dateOfBirth"
            id="dateOfBirth"
            name="dateOfBirth"
            type="date"
          />
          <label
            for="dateOfBirth"
          >
            Date Of Birth *
          </label>
        </div>
        <div
          class="el-mt6 el-flex1"
        >
          <input
            data-testid="test.email"
            id="email"
            name="email"
            type="email"
          />
          <label
            for="email"
          >
            Email *
          </label>
        </div>
      </div>
      <div
        class="el-mt8"
      >
        <p
          class="mock-combined-css-class"
        >
          *At least one telephone number is required
        </p>
        <div
          class=" el-flex el-flex-column el-flex-wrap"
        >
          <div
            class="el-flex1"
          >
            <input
              data-testid="test.homePhone"
              id="homePhone"
              name="homePhone"
              type="text"
            />
            <label
              for="homePhone"
            >
              Home Phone
            </label>
          </div>
          <div
            class="el-mt6 el-flex1"
          >
            <input
              data-testid="test.mobilePhone"
              id="mobilePhone"
              name="mobilePhone"
              type="text"
            />
            <label
              for="mobilePhone"
            >
              Mobile Phone
            </label>
          </div>
          <div
            class="el-mt6 el-flex1"
          >
            <input
              data-testid="test.workPhone"
              id="workPhone"
              name="workPhone"
              type="text"
            />
            <label
              for="workPhone"
            >
              Work Phone
            </label>
          </div>
        </div>
      </div>
      <footer
        class="el-mt8"
      >
        <div
          class="mock-combined-css-class"
        >
          <p
            class="mock-combined-css-class"
          >
            RPS Ref: 
            MLK16000071
          </p>
          <button
            class="mock-combined-css-class"
            data-testid="save-form"
            type="submit"
          >
            Save
          </button>
        </div>
        <div
          class="el-mt6"
        >
          <p
            class="mock-combined-css-class"
          >
            * Indicates fields that are required in order to 'Complete' this section.
          </p>
        </div>
      </footer>
    </form>
  </div>,
  "debug": [Function],
  "findAllByAltText": [Function],
  "findAllByDisplayValue": [Function],
  "findAllByLabelText": [Function],
  "findAllByPlaceholderText": [Function],
  "findAllByRole": [Function],
  "findAllByTestId": [Function],
  "findAllByText": [Function],
  "findAllByTitle": [Function],
  "findByAltText": [Function],
  "findByDisplayValue": [Function],
  "findByLabelText": [Function],
  "findByPlaceholderText": [Function],
  "findByRole": [Function],
  "findByTestId": [Function],
  "findByText": [Function],
  "findByTitle": [Function],
  "getAllByAltText": [Function],
  "getAllByDisplayValue": [Function],
  "getAllByLabelText": [Function],
  "getAllByPlaceholderText": [Function],
  "getAllByRole": [Function],
  "getAllByTestId": [Function],
  "getAllByText": [Function],
  "getAllByTitle": [Function],
  "getByAltText": [Function],
  "getByDisplayValue": [Function],
  "getByLabelText": [Function],
  "getByPlaceholderText": [Function],
  "getByRole": [Function],
  "getByTestId": [Function],
  "getByText": [Function],
  "getByTitle": [Function],
  "queryAllByAltText": [Function],
  "queryAllByDisplayValue": [Function],
  "queryAllByLabelText": [Function],
  "queryAllByPlaceholderText": [Function],
  "queryAllByRole": [Function],
  "queryAllByTestId": [Function],
  "queryAllByText": [Function],
  "queryAllByTitle": [Function],
  "queryByAltText": [Function],
  "queryByDisplayValue": [Function],
  "queryByLabelText": [Function],
  "queryByPlaceholderText": [Function],
  "queryByRole": [Function],
  "queryByTestId": [Function],
  "queryByText": [Function],
  "queryByTitle": [Function],
  "rerender": [Function],
  "unmount": [Function],
}
`;
